// Jest Snapshot v1, https://goo.gl/fbAQLP

exports[`example statement 1`] = `
"Statement for BigCo
 Hamlet: $650.00 (55 seats)
 As You Like It: $580.00 (35 seats)
 Othello: $500.00 (40 seats)
Amount owed is $1,730.00
You earned 47 credits
"
`;

exports[`statement with underperformed plays 1`] = `
"Statement for BigCo
 Hamlet: $400.00 (30 seats)
 As You Like It: $360.00 (20 seats)
 Othello: $400.00 (29 seats)
Amount owed is $1,160.00
You earned 4 credits
"
`;
